[INFO] Scanning for projects...
[INFO] 
[INFO] ------------------------< com.example:backend >-------------------------
[INFO] Building backend 0.0.1-SNAPSHOT
[INFO]   from pom.xml
[INFO] --------------------------------[ jar ]---------------------------------
[INFO] 
[INFO] --- clean:3.5.0:clean (default-clean) @ backend ---
[INFO] Deleting C:\Users\snowman\Desktop\Traditional-Knowledge-Digital-AI\backend\backend\target
[INFO] 
[INFO] --- resources:3.3.1:resources (default-resources) @ backend ---
[INFO] Copying 1 resource from src\main\resources to target\classes
[INFO] Copying 0 resource from src\main\resources to target\classes
[INFO] 
[INFO] --- compiler:3.14.1:compile (default-compile) @ backend ---
[INFO] Recompiling the module because of changed source code.
[INFO] Compiling 40 source files with javac [debug parameters release 24] to target\classes
WARNING: A terminally deprecated method in sun.misc.Unsafe has been called
WARNING: sun.misc.Unsafe::objectFieldOffset has been called by lombok.permit.Permit
WARNING: Please consider reporting this to the maintainers of class lombok.permit.Permit
WARNING: sun.misc.Unsafe::objectFieldOffset will be removed in a future release
[INFO] -------------------------------------------------------------
[ERROR] COMPILATION ERROR : 
[INFO] -------------------------------------------------------------
[ERROR] /C:/Users/snowman/Desktop/Traditional-Knowledge-Digital-AI/backend/backend/src/main/java/com/example/backend/service/PredictionService.java:[29,57] cannot find symbol
  symbol:   method findByName(java.lang.String)
  location: variable diseaseRepository of type com.example.backend.Repository.DiseaseRepository
[ERROR] /C:/Users/snowman/Desktop/Traditional-Knowledge-Digital-AI/backend/backend/src/main/java/com/example/backend/service/PredictionService.java:[35,46] cannot find symbol
  symbol:   method getMedicines()
  location: variable disease of type com.example.backend.Entity.Disease
[INFO] 2 errors 
[INFO] -------------------------------------------------------------
[INFO] ------------------------------------------------------------------------
[INFO] BUILD FAILURE
[INFO] ------------------------------------------------------------------------
[INFO] Total time:  18.872 s
[INFO] Finished at: 2026-01-24T22:32:38+05:30
[INFO] ------------------------------------------------------------------------
[ERROR] Failed to execute goal org.apache.maven.plugins:maven-compiler-plugin:3.14.1:compile (default-compile) on project backend: Compilation failure: Compilation failure: 
[ERROR] /C:/Users/snowman/Desktop/Traditional-Knowledge-Digital-AI/backend/backend/src/main/java/com/example/backend/service/PredictionService.java:[29,57] cannot find symbol
[ERROR]   symbol:   method findByName(java.lang.String)
[ERROR]   location: variable diseaseRepository of type com.example.backend.Repository.DiseaseRepository
[ERROR] /C:/Users/snowman/Desktop/Traditional-Knowledge-Digital-AI/backend/backend/src/main/java/com/example/backend/service/PredictionService.java:[35,46] cannot find symbol
[ERROR]   symbol:   method getMedicines()
[ERROR]   location: variable disease of type com.example.backend.Entity.Disease
[ERROR] -> [Help 1]
[ERROR] 
[ERROR] To see the full stack trace of the errors, re-run Maven with the -e switch.
[ERROR] Re-run Maven using the -X switch to enable full debug logging.
[ERROR] 
[ERROR] For more information about the errors and possible solutions, please read the following articles:
[ERROR] [Help 1] http://cwiki.apache.org/confluence/display/MAVEN/MojoFailureException
